This is XeTeX, Version 3.141592653-2.6-0.999998 (MiKTeX 26.2) (preloaded format=xelatex 2026.4.23)  27 APR 2026 22:22
entering extended mode
 restricted \write18 enabled.
 %&-line parsing enabled.
**./Project_Report.tex
(Project_Report.tex
LaTeX2e <2025-11-01>
L3 programming layer <2026-01-19>
(D:\Programs\MiKTeX\tex/latex/base\article.cls
Document Class: article 2025/01/22 v1.4n Standard LaTeX document class
(D:\Programs\MiKTeX\tex/latex/base\size12.clo
File: size12.clo 2025/01/22 v1.4n Standard LaTeX file (size option)
)
\c@part=\count271
\c@section=\count272
\c@subsection=\count273
\c@subsubsection=\count274
\c@paragraph=\count275
\c@subparagraph=\count276
\c@figure=\count277
\c@table=\count278
\abovecaptionskip=\skip49
\belowcaptionskip=\skip50
\bibindent=\dimen148
)
(D:\Programs\MiKTeX\tex/latex/base\inputenc.sty
Package: inputenc 2024/02/08 v1.3d Input encoding file
\inpenc@prehook=\toks17
\inpenc@posthook=\toks18


Package inputenc Warning: inputenc package ignored with utf8 based engines.

) (D:\Programs\MiKTeX\tex/latex/base\fontenc.sty
Package: fontenc 2025/07/18 v2.1d Standard LaTeX package
LaTeX Font Info:    Trying to load font information for T1+lmr on input line 11
6.

(D:\Programs\MiKTeX\tex/latex/lm\t1lmr.fd
File: t1lmr.fd 2015/05/01 v1.6.1 Font defs for Latin Modern
))
(D:\Programs\MiKTeX\tex/latex/lm\lmodern.sty
Package: lmodern 2015/05/01 v1.6.1 Latin Modern Fonts
LaTeX Font Info:    Overwriting symbol font `operators' in version `normal'
(Font)                  OT1/cmr/m/n --> OT1/lmr/m/n on input line 22.
LaTeX Font Info:    Overwriting symbol font `letters' in version `normal'
(Font)                  OML/cmm/m/it --> OML/lmm/m/it on input line 23.
LaTeX Font Info:    Overwriting symbol font `symbols' in version `normal'
(Font)                  OMS/cmsy/m/n --> OMS/lmsy/m/n on input line 24.
LaTeX Font Info:    Overwriting symbol font `largesymbols' in version `normal'
(Font)                  OMX/cmex/m/n --> OMX/lmex/m/n on input line 25.
LaTeX Font Info:    Overwriting symbol font `operators' in version `bold'
(Font)                  OT1/cmr/bx/n --> OT1/lmr/bx/n on input line 26.
LaTeX Font Info:    Overwriting symbol font `letters' in version `bold'
(Font)                  OML/cmm/b/it --> OML/lmm/b/it on input line 27.
LaTeX Font Info:    Overwriting symbol font `symbols' in version `bold'
(Font)                  OMS/cmsy/b/n --> OMS/lmsy/b/n on input line 28.
LaTeX Font Info:    Overwriting symbol font `largesymbols' in version `bold'
(Font)                  OMX/cmex/m/n --> OMX/lmex/m/n on input line 29.
LaTeX Font Info:    Overwriting math alphabet `\mathbf' in version `normal'
(Font)                  OT1/cmr/bx/n --> OT1/lmr/bx/n on input line 31.
LaTeX Font Info:    Overwriting math alphabet `\mathsf' in version `normal'
(Font)                  OT1/cmss/m/n --> OT1/lmss/m/n on input line 32.
LaTeX Font Info:    Overwriting math alphabet `\mathit' in version `normal'
(Font)                  OT1/cmr/m/it --> OT1/lmr/m/it on input line 33.
LaTeX Font Info:    Overwriting math alphabet `\mathtt' in version `normal'
(Font)                  OT1/cmtt/m/n --> OT1/lmtt/m/n on input line 34.
LaTeX Font Info:    Overwriting math alphabet `\mathbf' in version `bold'
(Font)                  OT1/cmr/bx/n --> OT1/lmr/bx/n on input line 35.
LaTeX Font Info:    Overwriting math alphabet `\mathsf' in version `bold'
(Font)                  OT1/cmss/bx/n --> OT1/lmss/bx/n on input line 36.
LaTeX Font Info:    Overwriting math alphabet `\mathit' in version `bold'
(Font)                  OT1/cmr/bx/it --> OT1/lmr/bx/it on input line 37.
LaTeX Font Info:    Overwriting math alphabet `\mathtt' in version `bold'
(Font)                  OT1/cmtt/m/n --> OT1/lmtt/m/n on input line 38.
)
(D:\Programs\MiKTeX\tex/latex/geometry\geometry.sty
Package: geometry 2026/03/07 v6.0 Page Geometry

(D:\Programs\MiKTeX\tex/latex/graphics\keyval.sty
Package: keyval 2022/05/29 v1.15 key=value parser (DPC)
\KV@toks@=\toks19
)
(D:\Programs\MiKTeX\tex/generic/iftex\ifvtex.sty
Package: ifvtex 2019/10/25 v1.7 ifvtex legacy package. Use iftex instead.

(D:\Programs\MiKTeX\tex/generic/iftex\iftex.sty
Package: iftex 2024/12/12 v1.0g TeX engine tests
))
\Gm@cnth=\count279
\Gm@cntv=\count280
\c@Gm@tempcnt=\count281
\Gm@bindingoffset=\dimen149
\Gm@wd@mp=\dimen150
\Gm@odd@mp=\dimen151
\Gm@even@mp=\dimen152
\Gm@layoutwidth=\dimen153
\Gm@layoutheight=\dimen154
\Gm@layouthoffset=\dimen155
\Gm@layoutvoffset=\dimen156
\Gm@dimlist=\toks20

(D:\Programs\MiKTeX\tex/latex/geometry\geometry.cfg))
(D:\Programs\MiKTeX\tex/latex/hyperref\hyperref.sty
Package: hyperref 2026-01-29 v7.01p Hypertext links for LaTeX

(D:\Programs\MiKTeX\tex/latex/kvsetkeys\kvsetkeys.sty
Package: kvsetkeys 2022-10-05 v1.19 Key value parser (HO)
)
(D:\Programs\MiKTeX\tex/generic/kvdefinekeys\kvdefinekeys.sty
Package: kvdefinekeys 2019-12-19 v1.6 Define keys (HO)
)
(D:\Programs\MiKTeX\tex/generic/pdfescape\pdfescape.sty
Package: pdfescape 2019/12/09 v1.15 Implements pdfTeX's escape features (HO)

(D:\Programs\MiKTeX\tex/generic/ltxcmds\ltxcmds.sty
Package: ltxcmds 2023-12-04 v1.26 LaTeX kernel commands for general use (HO)
)
(D:\Programs\MiKTeX\tex/generic/pdftexcmds\pdftexcmds.sty
Package: pdftexcmds 2020-06-27 v0.33 Utility functions of pdfTeX for LuaTeX (HO
)

(D:\Programs\MiKTeX\tex/generic/infwarerr\infwarerr.sty
Package: infwarerr 2019/12/03 v1.5 Providing info/warning/error messages (HO)
)
Package pdftexcmds Info: \pdf@primitive is available.
Package pdftexcmds Info: \pdf@ifprimitive is available.
Package pdftexcmds Info: \pdfdraftmode not found.
))
(D:\Programs\MiKTeX\tex/latex/hycolor\hycolor.sty
Package: hycolor 2020-01-27 v1.10 Color options for hyperref/bookmark (HO)
)
(D:\Programs\MiKTeX\tex/latex/hyperref\nameref.sty
Package: nameref 2026-01-29 v2.58 Cross-referencing by name of section

(D:\Programs\MiKTeX\tex/latex/refcount\refcount.sty
Package: refcount 2019/12/15 v3.6 Data extraction from label references (HO)
)
(D:\Programs\MiKTeX\tex/generic/gettitlestring\gettitlestring.sty
Package: gettitlestring 2019/12/15 v1.6 Cleanup title references (HO)

(D:\Programs\MiKTeX\tex/latex/kvoptions\kvoptions.sty
Package: kvoptions 2022-06-15 v3.15 Key value format for package options (HO)
))
\c@section@level=\count282
)
(D:\Programs\MiKTeX\tex/latex/etoolbox\etoolbox.sty
Package: etoolbox 2025/10/02 v2.5m e-TeX tools for LaTeX (JAW)
\etb@tempcnta=\count283
)
(D:\Programs\MiKTeX\tex/generic/stringenc\stringenc.sty
Package: stringenc 2019/11/29 v1.12 Convert strings between diff. encodings (HO
)
)
\@linkdim=\dimen157
\Hy@linkcounter=\count284
\Hy@pagecounter=\count285

(D:\Programs\MiKTeX\tex/latex/hyperref\pd1enc.def
File: pd1enc.def 2026-01-29 v7.01p Hyperref: PDFDocEncoding definition (HO)
)
(D:\Programs\MiKTeX\tex/generic/intcalc\intcalc.sty
Package: intcalc 2019/12/15 v1.3 Expandable calculations with integers (HO)
)
\Hy@SavedSpaceFactor=\count286

(D:\Programs\MiKTeX\tex/latex/hyperref\puenc.def
File: puenc.def 2026-01-29 v7.01p Hyperref: PDF Unicode definition (HO)
)
Package hyperref Info: Hyper figures OFF on input line 4201.
Package hyperref Info: Link nesting OFF on input line 4206.
Package hyperref Info: Hyper index ON on input line 4209.
Package hyperref Info: Plain pages OFF on input line 4216.
Package hyperref Info: Backreferencing OFF on input line 4221.
Package hyperref Info: Implicit mode ON; LaTeX internals redefined.
Package hyperref Info: Bookmarks ON on input line 4468.
\c@Hy@tempcnt=\count287

(D:\Programs\MiKTeX\tex/latex/url\url.sty
\Urlmuskip=\muskip17
Package: url 2013/09/16  ver 3.4  Verb mode for urls, etc.
)
LaTeX Info: Redefining \url on input line 4807.
\XeTeXLinkMargin=\dimen158

(D:\Programs\MiKTeX\tex/generic/bitset\bitset.sty
Package: bitset 2019/12/09 v1.3 Handle bit-vector datatype (HO)

(D:\Programs\MiKTeX\tex/generic/bigintcalc\bigintcalc.sty
Package: bigintcalc 2019/12/15 v1.5 Expandable calculations on big integers (HO
)
))
\Fld@menulength=\count288
\Field@Width=\dimen159
\Fld@charsize=\dimen160
Package hyperref Info: Hyper figures OFF on input line 6084.
Package hyperref Info: Link nesting OFF on input line 6089.
Package hyperref Info: Hyper index ON on input line 6092.
Package hyperref Info: backreferencing OFF on input line 6099.
Package hyperref Info: Link coloring OFF on input line 6104.
Package hyperref Info: Link coloring with OCG OFF on input line 6109.
Package hyperref Info: PDF/A mode OFF on input line 6114.
\Hy@abspage=\count289
\c@Item=\count290
\c@Hfootnote=\count291
)
Package hyperref Info: Driver (autodetected): hxetex.

(D:\Programs\MiKTeX\tex/latex/hyperref\hxetex.def
File: hxetex.def 2026-01-29 v7.01p Hyperref driver for XeTeX
\pdfm@box=\box53
\c@Hy@AnnotLevel=\count292
\HyField@AnnotCount=\count293
\Fld@listcount=\count294
\c@bookmark@seq@number=\count295

(D:\Programs\MiKTeX\tex/latex/rerunfilecheck\rerunfilecheck.sty
Package: rerunfilecheck 2025-06-21 v1.11 Rerun checks for auxiliary files (HO)

(D:\Programs\MiKTeX\tex/generic/uniquecounter\uniquecounter.sty
Package: uniquecounter 2019/12/15 v1.4 Provide unlimited unique counter (HO)
)
Package uniquecounter Info: New unique counter `rerunfilecheck' on input line 2
84.
)
\Hy@SectionHShift=\skip51
)
(D:\Programs\MiKTeX\tex/latex/enumitem\enumitem.sty
Package: enumitem 2025/02/06 v3.11 Customized lists
\labelindent=\skip52
\enit@outerparindent=\dimen161
\enit@toks=\toks21
\enit@inbox=\box54
\enit@count@id=\count296
\enitdp@description=\count297
)
(D:\Programs\MiKTeX\tex/latex/xcolor\xcolor.sty
Package: xcolor 2024/09/29 v3.02 LaTeX color extensions (UK)

(D:\Programs\MiKTeX\tex/latex/graphics-cfg\color.cfg
File: color.cfg 2016/01/02 v1.6 sample color configuration
)
Package xcolor Info: Driver file: xetex.def on input line 274.

(D:\Programs\MiKTeX\tex/latex/graphics-def\xetex.def
File: xetex.def 2025/11/01 v5.0p Graphics/color driver for xetex
)
(D:\Programs\MiKTeX\tex/latex/graphics\mathcolor.ltx)
Package xcolor Info: Model `cmy' substituted by `cmy0' on input line 1349.
Package xcolor Info: Model `RGB' extended on input line 1365.
Package xcolor Info: Model `HTML' substituted by `rgb' on input line 1367.
Package xcolor Info: Model `Hsb' substituted by `hsb' on input line 1368.
Package xcolor Info: Model `tHsb' substituted by `hsb' on input line 1369.
Package xcolor Info: Model `HSB' substituted by `hsb' on input line 1370.
Package xcolor Info: Model `Gray' substituted by `gray' on input line 1371.
Package xcolor Info: Model `wave' substituted by `hsb' on input line 1372.
)
(D:\Programs\MiKTeX\tex/latex/listings\listings.sty
\lst@mode=\count298
\lst@gtempboxa=\box55
\lst@token=\toks22
\lst@length=\count299
\lst@currlwidth=\dimen162
\lst@column=\count300
\lst@pos=\count301
\lst@lostspace=\dimen163
\lst@width=\dimen164
\lst@newlines=\count302
\lst@lineno=\count303
\lst@maxwidth=\dimen165

(D:\Programs\MiKTeX\tex/latex/listings\lstpatch.sty
File: lstpatch.sty 2025/11/14 1.11b (Carsten Heinz)
)
(D:\Programs\MiKTeX\tex/latex/listings\lstmisc.sty
File: lstmisc.sty 2025/11/14 1.11b (Carsten Heinz)
\c@lstnumber=\count304
\lst@skipnumbers=\count305
\lst@framebox=\box56
)
(D:\Programs\MiKTeX\tex/latex/listings\listings.cfg
File: listings.cfg 2025/11/14 1.11b listings configuration
))
Package: listings 2025/11/14 1.11b (Carsten Heinz)

==> First Aid for listings.sty no longer applied!
    Expected:
        2024/09/23 1.10c (Carsten Heinz)
    but found:
        2025/11/14 1.11b (Carsten Heinz)
    so I'm assuming it got fixed.
(D:\Programs\MiKTeX\tex/latex/booktabs\booktabs.sty
Package: booktabs 2020/01/12 v1.61803398 Publication quality tables
\heavyrulewidth=\dimen166
\lightrulewidth=\dimen167
\cmidrulewidth=\dimen168
\belowrulesep=\dimen169
\belowbottomsep=\dimen170
\aboverulesep=\dimen171
\abovetopsep=\dimen172
\cmidrulesep=\dimen173
\cmidrulekern=\dimen174
\defaultaddspace=\dimen175
\@cmidla=\count306
\@cmidlb=\count307
\@aboverulesep=\dimen176
\@belowrulesep=\dimen177
\@thisruleclass=\count308
\@lastruleclass=\count309
\@thisrulewidth=\dimen178
)
(D:\Programs\MiKTeX\tex/latex/float\float.sty
Package: float 2001/11/08 v1.3d Float enhancements (AL)
\c@float@type=\count310
\float@exts=\toks23
\float@box=\box57
\@float@everytoks=\toks24
\@floatcapt=\box58
)
(D:\Programs\MiKTeX\tex/latex/amsmath\amsmath.sty
Package: amsmath 2025/07/09 v2.17z AMS math features
\@mathmargin=\skip53

For additional information on amsmath, use the `?' option.
(D:\Programs\MiKTeX\tex/latex/amsmath\amstext.sty
Package: amstext 2024/11/17 v2.01 AMS text

(D:\Programs\MiKTeX\tex/latex/amsmath\amsgen.sty
File: amsgen.sty 1999/11/30 v2.0 generic functions
\@emptytoks=\toks25
\ex@=\dimen179
))
(D:\Programs\MiKTeX\tex/latex/amsmath\amsbsy.sty
Package: amsbsy 1999/11/29 v1.2d Bold Symbols
\pmbraise@=\dimen180
)
(D:\Programs\MiKTeX\tex/latex/amsmath\amsopn.sty
Package: amsopn 2022/04/08 v2.04 operator names
)
\inf@bad=\count311
LaTeX Info: Redefining \frac on input line 233.
\uproot@=\count312
\leftroot@=\count313
LaTeX Info: Redefining \overline on input line 398.
LaTeX Info: Redefining \colon on input line 409.
\classnum@=\count314
\DOTSCASE@=\count315
LaTeX Info: Redefining \ldots on input line 495.
LaTeX Info: Redefining \dots on input line 498.
LaTeX Info: Redefining \cdots on input line 619.
\Mathstrutbox@=\box59
\strutbox@=\box60
LaTeX Info: Redefining \big on input line 721.
LaTeX Info: Redefining \Big on input line 722.
LaTeX Info: Redefining \bigg on input line 723.
LaTeX Info: Redefining \Bigg on input line 724.
\big@size=\dimen181
LaTeX Font Info:    Redeclaring font encoding OML on input line 742.
LaTeX Font Info:    Redeclaring font encoding OMS on input line 743.
\macc@depth=\count316
LaTeX Info: Redefining \bmod on input line 904.
LaTeX Info: Redefining \pmod on input line 909.
LaTeX Info: Redefining \smash on input line 939.
LaTeX Info: Redefining \relbar on input line 969.
LaTeX Info: Redefining \Relbar on input line 970.
\c@MaxMatrixCols=\count317
\dotsspace@=\muskip18
\c@parentequation=\count318
\dspbrk@lvl=\count319
\tag@help=\toks26
\row@=\count320
\column@=\count321
\maxfields@=\count322
\andhelp@=\toks27
\eqnshift@=\dimen182
\alignsep@=\dimen183
\tagshift@=\dimen184
\tagwidth@=\dimen185
\totwidth@=\dimen186
\lineht@=\dimen187
\@envbody=\toks28
\multlinegap=\skip54
\multlinetaggap=\skip55
\mathdisplay@stack=\toks29
LaTeX Info: Redefining \[ on input line 2950.
LaTeX Info: Redefining \] on input line 2951.
)
(D:\Programs\MiKTeX\tex/latex/siunitx\siunitx.sty
Package: siunitx 2026-04-09 v3.5.3 A comprehensive (SI) units package
\l__siunitx_number_uncert_offset_int=\count323
\l__siunitx_number_exponent_fixed_int=\count324
\l__siunitx_number_min_decimal_int=\count325
\l__siunitx_number_min_integer_int=\count326
\l__siunitx_number_round_precision_int=\count327
\l__siunitx_number_lower_threshold_int=\count328
\l__siunitx_number_upper_threshold_int=\count329
\l__siunitx_number_group_first_int=\count330
\l__siunitx_number_group_size_int=\count331
\l__siunitx_number_group_min_int=\count332
\l__siunitx_number_group_minimum_int=\count333
\l__siunitx_compound_count_int=\count334

(D:\Programs\MiKTeX\tex/latex/translations\translations.sty
Package: translations 2022/02/05 v1.12 internationalization of LaTeX2e packages
 (CN)
)
\l__siunitx_table_tmp_box=\box61
\l__siunitx_table_tmp_dim=\dimen188
\l__siunitx_table_column_width_dim=\dimen189
\l__siunitx_table_integer_box=\box62
\l__siunitx_table_decimal_box=\box63
\l__siunitx_table_uncert_box=\box64
\l__siunitx_table_before_box=\box65
\l__siunitx_table_after_box=\box66
\l__siunitx_table_before_dim=\dimen190
\l__siunitx_table_carry_dim=\dimen191
\l__siunitx_unit_tmp_int=\count335
\l__siunitx_unit_position_int=\count336
\l__siunitx_unit_total_int=\count337
\l__siunitx_sexagesimal_tmp_dim=\dimen192
\l__siunitx_sexagesimal_marker_box=\box67
\l__siunitx_sexagesimal_unit_box=\box68

(D:\Programs\MiKTeX\tex/latex/tools\array.sty
Package: array 2025/09/25 v2.6n Tabular extension package (FMi)
\col@sep=\dimen193
\ar@mcellbox=\box69
\extrarowheight=\dimen194
\NC@list=\toks30
\extratabsurround=\skip56
\backup@length=\skip57
\ar@cellbox=\box70
))
(D:\Programs\MiKTeX\tex/latex/tools\longtable.sty
Package: longtable 2025-10-13 v4.24 Multi-page Table package (DPC)
\LTleft=\skip58
\LTright=\skip59
\LTpre=\skip60
\LTpost=\skip61
\LTchunksize=\count338
\LTcapwidth=\dimen195
\LT@head=\box71
\LT@firsthead=\box72
\LT@foot=\box73
\LT@lastfoot=\box74
\LT@gbox=\box75
\LT@cols=\count339
\LT@rows=\count340
\c@LT@tables=\count341
\c@LT@chunks=\count342
\LT@p@ftn=\toks31
)
(D:\Programs\MiKTeX\tex/latex/pgf/frontendlayer\tikz.sty
(D:\Programs\MiKTeX\tex/latex/pgf/basiclayer\pgf.sty
(D:\Programs\MiKTeX\tex/latex/pgf/utilities\pgfrcs.sty
(D:\Programs\MiKTeX\tex/generic/pgf/utilities\pgfutil-common.tex
\pgfutil@everybye=\toks32
\pgfutil@tempdima=\dimen196
\pgfutil@tempdimb=\dimen197
)
(D:\Programs\MiKTeX\tex/generic/pgf/utilities\pgfutil-latex.def
\pgfutil@abb=\box76
)
(D:\Programs\MiKTeX\tex/generic/pgf/utilities\pgfrcs.code.tex
(D:\Programs\MiKTeX\tex/generic/pgf\pgf.revision.tex)
Package: pgfrcs 2025-08-29 v3.1.11a (3.1.11a)
))
Package: pgf 2025-08-29 v3.1.11a (3.1.11a)

(D:\Programs\MiKTeX\tex/latex/pgf/basiclayer\pgfcore.sty
(D:\Programs\MiKTeX\tex/latex/graphics\graphicx.sty
Package: graphicx 2024/12/31 v1.2e Enhanced LaTeX Graphics (DPC,SPQR)

(D:\Programs\MiKTeX\tex/latex/graphics\graphics.sty
Package: graphics 2024/08/06 v1.4g Standard LaTeX Graphics (DPC,SPQR)

(D:\Programs\MiKTeX\tex/latex/graphics\trig.sty
Package: trig 2023/12/02 v1.11 sin cos tan (DPC)
)
(D:\Programs\MiKTeX\tex/latex/graphics-cfg\graphics.cfg
File: graphics.cfg 2016/06/04 v1.11 sample graphics configuration
)
Package graphics Info: Driver file: xetex.def on input line 106.
)
\Gin@req@height=\dimen198
\Gin@req@width=\dimen199
)
(D:\Programs\MiKTeX\tex/latex/pgf/systemlayer\pgfsys.sty
(D:\Programs\MiKTeX\tex/generic/pgf/systemlayer\pgfsys.code.tex
Package: pgfsys 2025-08-29 v3.1.11a (3.1.11a)

(D:\Programs\MiKTeX\tex/generic/pgf/utilities\pgfkeys.code.tex
\pgfkeys@pathtoks=\toks33
\pgfkeys@temptoks=\toks34

(D:\Programs\MiKTeX\tex/generic/pgf/utilities\pgfkeyslibraryfiltered.code.tex
\pgfkeys@tmptoks=\toks35
))
\pgf@x=\dimen256
\pgf@y=\dimen257
\pgf@xa=\dimen258
\pgf@ya=\dimen259
\pgf@xb=\dimen260
\pgf@yb=\dimen261
\pgf@xc=\dimen262
\pgf@yc=\dimen263
\pgf@xd=\dimen264
\pgf@yd=\dimen265
\w@pgf@writea=\write3
\r@pgf@reada=\read2
\c@pgf@counta=\count343
\c@pgf@countb=\count344
\c@pgf@countc=\count345
\c@pgf@countd=\count346
\t@pgf@toka=\toks36
\t@pgf@tokb=\toks37
\t@pgf@tokc=\toks38
\pgf@sys@id@count=\count347
(D:\Programs\MiKTeX\tex/generic/pgf/systemlayer\pgf.cfg
File: pgf.cfg 2025-08-29 v3.1.11a (3.1.11a)
)
Driver file for pgf: pgfsys-xetex.def

(D:\Programs\MiKTeX\tex/generic/pgf/systemlayer\pgfsys-xetex.def
File: pgfsys-xetex.def 2025-08-29 v3.1.11a (3.1.11a)

(D:\Programs\MiKTeX\tex/generic/pgf/systemlayer\pgfsys-dvipdfmx.def
File: pgfsys-dvipdfmx.def 2025-08-29 v3.1.11a (3.1.11a)

(D:\Programs\MiKTeX\tex/generic/pgf/systemlayer\pgfsys-common-pdf.def
File: pgfsys-common-pdf.def 2025-08-29 v3.1.11a (3.1.11a)
)
\pgfsys@objnum=\count348
)))
(D:\Programs\MiKTeX\tex/generic/pgf/systemlayer\pgfsyssoftpath.code.tex
File: pgfsyssoftpath.code.tex 2025-08-29 v3.1.11a (3.1.11a)
\pgfsyssoftpath@smallbuffer@items=\count349
\pgfsyssoftpath@bigbuffer@items=\count350
)
(D:\Programs\MiKTeX\tex/generic/pgf/systemlayer\pgfsysprotocol.code.tex
File: pgfsysprotocol.code.tex 2025-08-29 v3.1.11a (3.1.11a)
))
(D:\Programs\MiKTeX\tex/generic/pgf/basiclayer\pgfcore.code.tex
Package: pgfcore 2025-08-29 v3.1.11a (3.1.11a)

(D:\Programs\MiKTeX\tex/generic/pgf/math\pgfmath.code.tex
(D:\Programs\MiKTeX\tex/generic/pgf/math\pgfmathutil.code.tex)
(D:\Programs\MiKTeX\tex/generic/pgf/math\pgfmathparser.code.tex
\pgfmath@dimen=\dimen266
\pgfmath@count=\count351
\pgfmath@box=\box77
\pgfmath@toks=\toks39
\pgfmath@stack@operand=\toks40
\pgfmath@stack@operation=\toks41
)
(D:\Programs\MiKTeX\tex/generic/pgf/math\pgfmathfunctions.code.tex)
(D:\Programs\MiKTeX\tex/generic/pgf/math\pgfmathfunctions.basic.code.tex)
(D:\Programs\MiKTeX\tex/generic/pgf/math\pgfmathfunctions.trigonometric.code.te
x) (D:\Programs\MiKTeX\tex/generic/pgf/math\pgfmathfunctions.random.code.tex)
(D:\Programs\MiKTeX\tex/generic/pgf/math\pgfmathfunctions.comparison.code.tex)
(D:\Programs\MiKTeX\tex/generic/pgf/math\pgfmathfunctions.base.code.tex)
(D:\Programs\MiKTeX\tex/generic/pgf/math\pgfmathfunctions.round.code.tex)
(D:\Programs\MiKTeX\tex/generic/pgf/math\pgfmathfunctions.misc.code.tex)
(D:\Programs\MiKTeX\tex/generic/pgf/math\pgfmathfunctions.integerarithmetics.co
de.tex) (D:\Programs\MiKTeX\tex/generic/pgf/math\pgfmathcalc.code.tex)
(D:\Programs\MiKTeX\tex/generic/pgf/math\pgfmathfloat.code.tex
\c@pgfmathroundto@lastzeros=\count352
))
(D:\Programs\MiKTeX\tex/generic/pgf/math\pgfint.code.tex)
(D:\Programs\MiKTeX\tex/generic/pgf/basiclayer\pgfcorepoints.code.tex
File: pgfcorepoints.code.tex 2025-08-29 v3.1.11a (3.1.11a)
\pgf@picminx=\dimen267
\pgf@picmaxx=\dimen268
\pgf@picminy=\dimen269
\pgf@picmaxy=\dimen270
\pgf@pathminx=\dimen271
\pgf@pathmaxx=\dimen272
\pgf@pathminy=\dimen273
\pgf@pathmaxy=\dimen274
\pgf@xx=\dimen275
\pgf@xy=\dimen276
\pgf@yx=\dimen277
\pgf@yy=\dimen278
\pgf@zx=\dimen279
\pgf@zy=\dimen280
)
(D:\Programs\MiKTeX\tex/generic/pgf/basiclayer\pgfcorepathconstruct.code.tex
File: pgfcorepathconstruct.code.tex 2025-08-29 v3.1.11a (3.1.11a)
\pgf@path@lastx=\dimen281
\pgf@path@lasty=\dimen282
)
(D:\Programs\MiKTeX\tex/generic/pgf/basiclayer\pgfcorepathusage.code.tex
File: pgfcorepathusage.code.tex 2025-08-29 v3.1.11a (3.1.11a)
\pgf@shorten@end@additional=\dimen283
\pgf@shorten@start@additional=\dimen284
)
(D:\Programs\MiKTeX\tex/generic/pgf/basiclayer\pgfcorescopes.code.tex
File: pgfcorescopes.code.tex 2025-08-29 v3.1.11a (3.1.11a)
\pgfpic=\box78
\pgf@hbox=\box79
\pgf@layerbox@main=\box80
\pgf@picture@serial@count=\count353
)
(D:\Programs\MiKTeX\tex/generic/pgf/basiclayer\pgfcoregraphicstate.code.tex
File: pgfcoregraphicstate.code.tex 2025-08-29 v3.1.11a (3.1.11a)
\pgflinewidth=\dimen285
)
(D:\Programs\MiKTeX\tex/generic/pgf/basiclayer\pgfcoretransformations.code.tex
File: pgfcoretransformations.code.tex 2025-08-29 v3.1.11a (3.1.11a)
\pgf@pt@x=\dimen286
\pgf@pt@y=\dimen287
\pgf@pt@temp=\dimen288
) (D:\Programs\MiKTeX\tex/generic/pgf/basiclayer\pgfcorequick.code.tex
File: pgfcorequick.code.tex 2025-08-29 v3.1.11a (3.1.11a)
)
(D:\Programs\MiKTeX\tex/generic/pgf/basiclayer\pgfcoreobjects.code.tex
File: pgfcoreobjects.code.tex 2025-08-29 v3.1.11a (3.1.11a)
)
(D:\Programs\MiKTeX\tex/generic/pgf/basiclayer\pgfcorepathprocessing.code.tex
File: pgfcorepathprocessing.code.tex 2025-08-29 v3.1.11a (3.1.11a)
)
(D:\Programs\MiKTeX\tex/generic/pgf/basiclayer\pgfcorearrows.code.tex
File: pgfcorearrows.code.tex 2025-08-29 v3.1.11a (3.1.11a)
\pgfarrowsep=\dimen289
)
(D:\Programs\MiKTeX\tex/generic/pgf/basiclayer\pgfcoreshade.code.tex
File: pgfcoreshade.code.tex 2025-08-29 v3.1.11a (3.1.11a)
\pgf@max=\dimen290
\pgf@sys@shading@range@num=\count354
\pgf@shadingcount=\count355
)
(D:\Programs\MiKTeX\tex/generic/pgf/basiclayer\pgfcoreimage.code.tex
File: pgfcoreimage.code.tex 2025-08-29 v3.1.11a (3.1.11a)
)
(D:\Programs\MiKTeX\tex/generic/pgf/basiclayer\pgfcoreexternal.code.tex
File: pgfcoreexternal.code.tex 2025-08-29 v3.1.11a (3.1.11a)
\pgfexternal@startupbox=\box81
)
(D:\Programs\MiKTeX\tex/generic/pgf/basiclayer\pgfcorelayers.code.tex
File: pgfcorelayers.code.tex 2025-08-29 v3.1.11a (3.1.11a)
)
(D:\Programs\MiKTeX\tex/generic/pgf/basiclayer\pgfcoretransparency.code.tex
File: pgfcoretransparency.code.tex 2025-08-29 v3.1.11a (3.1.11a)
)
(D:\Programs\MiKTeX\tex/generic/pgf/basiclayer\pgfcorepatterns.code.tex
File: pgfcorepatterns.code.tex 2025-08-29 v3.1.11a (3.1.11a)
)
(D:\Programs\MiKTeX\tex/generic/pgf/basiclayer\pgfcorerdf.code.tex
File: pgfcorerdf.code.tex 2025-08-29 v3.1.11a (3.1.11a)
)))
(D:\Programs\MiKTeX\tex/generic/pgf/modules\pgfmoduleshapes.code.tex
File: pgfmoduleshapes.code.tex 2025-08-29 v3.1.11a (3.1.11a)
\pgfnodeparttextbox=\box82
)
(D:\Programs\MiKTeX\tex/generic/pgf/modules\pgfmoduleplot.code.tex
File: pgfmoduleplot.code.tex 2025-08-29 v3.1.11a (3.1.11a)
)
(D:\Programs\MiKTeX\tex/latex/pgf/compatibility\pgfcomp-version-0-65.sty
Package: pgfcomp-version-0-65 2025-08-29 v3.1.11a (3.1.11a)
\pgf@nodesepstart=\dimen291
\pgf@nodesepend=\dimen292
)
(D:\Programs\MiKTeX\tex/latex/pgf/compatibility\pgfcomp-version-1-18.sty
Package: pgfcomp-version-1-18 2025-08-29 v3.1.11a (3.1.11a)
))
(D:\Programs\MiKTeX\tex/latex/pgf/utilities\pgffor.sty
(D:\Programs\MiKTeX\tex/latex/pgf/utilities\pgfkeys.sty
(D:\Programs\MiKTeX\tex/generic/pgf/utilities\pgfkeys.code.tex))
(D:\Programs\MiKTeX\tex/latex/pgf/math\pgfmath.sty
(D:\Programs\MiKTeX\tex/generic/pgf/math\pgfmath.code.tex))
(D:\Programs\MiKTeX\tex/generic/pgf/utilities\pgffor.code.tex
Package: pgffor 2025-08-29 v3.1.11a (3.1.11a)
\pgffor@iter=\dimen293
\pgffor@skip=\dimen294
\pgffor@stack=\toks42
\pgffor@toks=\toks43
))
(D:\Programs\MiKTeX\tex/generic/pgf/frontendlayer/tikz\tikz.code.tex
Package: tikz 2025-08-29 v3.1.11a (3.1.11a)

(D:\Programs\MiKTeX\tex/generic/pgf/libraries\pgflibraryplothandlers.code.tex
File: pgflibraryplothandlers.code.tex 2025-08-29 v3.1.11a (3.1.11a)
\pgf@plot@mark@count=\count356
\pgfplotmarksize=\dimen295
)
\tikz@lastx=\dimen296
\tikz@lasty=\dimen297
\tikz@lastxsaved=\dimen298
\tikz@lastysaved=\dimen299
\tikz@lastmovetox=\dimen300
\tikz@lastmovetoy=\dimen301
\tikzleveldistance=\dimen302
\tikzsiblingdistance=\dimen303
\tikz@figbox=\box83
\tikz@figbox@bg=\box84
\tikz@tempbox=\box85
\tikz@tempbox@bg=\box86
\tikztreelevel=\count357
\tikznumberofchildren=\count358
\tikznumberofcurrentchild=\count359
\tikz@fig@count=\count360

(D:\Programs\MiKTeX\tex/generic/pgf/modules\pgfmodulematrix.code.tex
File: pgfmodulematrix.code.tex 2025-08-29 v3.1.11a (3.1.11a)
\pgfmatrixcurrentrow=\count361
\pgfmatrixcurrentcolumn=\count362
\pgf@matrix@numberofcolumns=\count363
)
\tikz@expandcount=\count364

(D:\Programs\MiKTeX\tex/generic/pgf/frontendlayer/tikz/libraries\tikzlibrarytop
aths.code.tex
File: tikzlibrarytopaths.code.tex 2025-08-29 v3.1.11a (3.1.11a)
))) (D:\Programs\MiKTeX\tex/latex/caption\caption.sty
Package: caption 2023/08/05 v3.6o Customizing captions (AR)

(D:\Programs\MiKTeX\tex/latex/caption\caption3.sty
Package: caption3 2023/07/31 v2.4d caption3 kernel (AR)
\caption@tempdima=\dimen304
\captionmargin=\dimen305
\caption@leftmargin=\dimen306
\caption@rightmargin=\dimen307
\caption@width=\dimen308
\caption@indent=\dimen309
\caption@parindent=\dimen310
\caption@hangindent=\dimen311
Package caption Info: Standard document class detected.
)
\c@caption@flags=\count365
\c@continuedfloat=\count366
Package caption Info: float package is loaded.
Package caption Info: hyperref package is loaded.
Package caption Info: listings package is loaded.
Package caption Info: longtable package is loaded.

(D:\Programs\MiKTeX\tex/latex/caption\ltcaption.sty
Package: ltcaption 2021/01/08 v1.4c longtable captions (AR)
))
(D:\Programs\MiKTeX\tex/latex/caption\subcaption.sty
Package: subcaption 2023/07/28 v1.6b Sub-captions (AR)
Package caption Info: New subtype `subfigure' on input line 238.
\c@subfigure=\count367
Package caption Info: New subtype `subtable' on input line 238.
\c@subtable=\count368
)
(D:\Programs\MiKTeX\tex/generic/pgf/frontendlayer/tikz/libraries\tikzlibrarypos
itioning.code.tex
File: tikzlibrarypositioning.code.tex 2025-08-29 v3.1.11a (3.1.11a)
) (D:\Programs\MiKTeX\tex/latex/listings\lstlang1.sty
File: lstlang1.sty 2025/11/14 1.11b listings language file
)
(D:\Programs\MiKTeX\tex/latex/listings\lstmisc.sty
File: lstmisc.sty 2025/11/14 1.11b (Carsten Heinz)
)
Package translations Info: No language package found. I am going to use `englis
h' as default language. on input line 50.

(D:\Programs\MiKTeX\tex/latex/l3backend\l3backend-xetex.def
File: l3backend-xetex.def 2025-10-09 L3 backend support: XeTeX
\g__graphics_track_int=\count369
\g__pdfannot_backend_int=\count370
\g__pdfannot_backend_link_int=\count371
)
(Project_Report.aux

LaTeX Warning: Label `tab:pins' multiply defined.

)
\openout1 = `Project_Report.aux'.

LaTeX Font Info:    Checking defaults for OML/cmm/m/it on input line 50.
LaTeX Font Info:    ... okay on input line 50.
LaTeX Font Info:    Checking defaults for OMS/cmsy/m/n on input line 50.
LaTeX Font Info:    ... okay on input line 50.
LaTeX Font Info:    Checking defaults for OT1/cmr/m/n on input line 50.
LaTeX Font Info:    ... okay on input line 50.
LaTeX Font Info:    Checking defaults for T1/cmr/m/n on input line 50.
LaTeX Font Info:    ... okay on input line 50.
LaTeX Font Info:    Checking defaults for TS1/cmr/m/n on input line 50.
LaTeX Font Info:    ... okay on input line 50.
LaTeX Font Info:    Checking defaults for TU/lmr/m/n on input line 50.
LaTeX Font Info:    ... okay on input line 50.
LaTeX Font Info:    Checking defaults for OMX/cmex/m/n on input line 50.
LaTeX Font Info:    ... okay on input line 50.
LaTeX Font Info:    Checking defaults for U/cmr/m/n on input line 50.
LaTeX Font Info:    ... okay on input line 50.
LaTeX Font Info:    Checking defaults for PD1/pdf/m/n on input line 50.
LaTeX Font Info:    ... okay on input line 50.
LaTeX Font Info:    Checking defaults for PU/pdf/m/n on input line 50.
LaTeX Font Info:    ... okay on input line 50.

*geometry* driver: auto-detecting
*geometry* detected driver: xetex
*geometry* verbose mode - [ preamble ] result:
* driver: xetex
* paper: a4paper
* layout: <same size as paper>
* layoutoffset:(h,v)=(0.0pt,0.0pt)
* modes: 
* h-part:(L,W,R)=(71.13188pt, 455.24411pt, 71.13188pt)
* v-part:(T,H,B)=(71.13188pt, 702.78308pt, 71.13188pt)
* \paperwidth=597.50787pt
* \paperheight=845.04684pt
* \textwidth=455.24411pt
* \textheight=702.78308pt
* \oddsidemargin=-1.1381pt
* \evensidemargin=-1.1381pt
* \topmargin=-38.1381pt
* \headheight=12.0pt
* \headsep=25.0pt
* \topskip=12.0pt
* \footskip=30.0pt
* \marginparwidth=35.0pt
* \marginparsep=10.0pt
* \columnsep=10.0pt
* \skip\footins=10.8pt plus 4.0pt minus 2.0pt
* \hoffset=0.0pt
* \voffset=0.0pt
* \mag=1000
* \@twocolumnfalse
* \@twosidefalse
* \@mparswitchfalse
* \@reversemarginfalse
* (1in=72.27pt=25.4mm, 1cm=28.453pt)

Package hyperref Info: Link coloring OFF on input line 50.
(Project_Report.out) (Project_Report.out)
\@outlinefile=\write4
\openout4 = `Project_Report.out'.

\c@lstlisting=\count372

(D:\Programs\MiKTeX\tex/latex/translations/dicts\translations-basic-dictionary-
english.trsl
File: translations-basic-dictionary-english.trsl (english translation file `tra
nslations-basic-dictionary')
)
Package translations Info: loading dictionary `translations-basic-dictionary' f
or `english'. on input line 50.
Package caption Info: Begin \AtBeginDocument code.
Package caption Info: End \AtBeginDocument code.

Missing character: There is no ‑ in font ec-lmbx12!
LaTeX Font Info:    Trying to load font information for OT1+lmr on input line 5
8.
(D:\Programs\MiKTeX\tex/latex/lm\ot1lmr.fd
File: ot1lmr.fd 2015/05/01 v1.6.1 Font defs for Latin Modern
)
LaTeX Font Info:    Trying to load font information for OML+lmm on input line 5
8.

(D:\Programs\MiKTeX\tex/latex/lm\omllmm.fd
File: omllmm.fd 2015/05/01 v1.6.1 Font defs for Latin Modern
)
LaTeX Font Info:    Trying to load font information for OMS+lmsy on input line 
58.

(D:\Programs\MiKTeX\tex/latex/lm\omslmsy.fd
File: omslmsy.fd 2015/05/01 v1.6.1 Font defs for Latin Modern
)
LaTeX Font Info:    Trying to load font information for OMX+lmex on input line 
58.

(D:\Programs\MiKTeX\tex/latex/lm\omxlmex.fd
File: omxlmex.fd 2015/05/01 v1.6.1 Font defs for Latin Modern
)
LaTeX Font Info:    External font `lmex10' loaded for size
(Font)              <14.4> on input line 58.
LaTeX Font Info:    External font `lmex10' loaded for size
(Font)              <10> on input line 58.
LaTeX Font Info:    External font `lmex10' loaded for size
(Font)              <7> on input line 58.

Missing character: There is no ‑ in font ec-lmr12!
(Project_Report.toc
LaTeX Font Info:    External font `lmex10' loaded for size
(Font)              <12> on input line 4.
LaTeX Font Info:    External font `lmex10' loaded for size
(Font)              <8> on input line 4.
LaTeX Font Info:    External font `lmex10' loaded for size
(Font)              <6> on input line 4.
LaTeX Font Info:    Trying to load font information for T1+lmtt on input line 1
4.
 (D:\Programs\MiKTeX\tex/latex/lm\t1lmtt.fd
File: t1lmtt.fd 2015/05/01 v1.6.1 Font defs for Latin Modern
)
Missing character: There is no ‑ in font ec-lmr12!
Missing character: There is no ‑ in font ec-lmr12!
Missing character: There is no ‑ in font ec-lmr12!
[1

]
Missing character: There is no ‑ in font ec-lmr12!
)
\tf@toc=\write5
\openout5 = `Project_Report.toc'.

 [2]
Missing character: There is no ‑ in font ec-lmbx12!
Missing character: There is no ‑ in font ec-lmr12!
Missing character: There is no ‑ in font ec-lmr12!
Missing character: There is no ‑ in font ec-lmr12!
Missing character: There is no ‑ in font ec-lmr12!
Missing character: There is no ‑ in font ec-lmr12!
Missing character: There is no ‑ in font ec-lmri12!
Missing character: There is no ‑ in font ec-lmr12!
Missing character: There is no ‑ in font ec-lmr12!
Missing character: There is no ‑ in font ec-lmr12!
Missing character: There is no ‑ in font ec-lmr12!
Missing character: There is no ‑ in font ec-lmr12!
Missing character: There is no ‑ in font ec-lmr12!
Missing character: There is no ‑ in font ec-lmr12!
Missing character: There is no ’ in font ec-lmr12!
Missing character: There is no ‑ in font ec-lmr12!
Missing character: There is no ‑ in font ec-lmr12!

Overfull \hbox (61.60777pt too wide) in paragraph at lines 116--135
 [][] 
 []

[3]
Missing character: There is no ‑ in font ec-lmr12!
Missing character: There is no ‑ in font ec-lmr12!
Missing character: There is no ’ in font ec-lmr12!
Missing character: There is no ‑ in font ec-lmr12!
[4]
Missing character: There is no ‑ in font ec-lmr12!
Missing character: There is no → in font ec-lmr12!
Missing character: There is no → in font ec-lmr12!
Missing character: There is no → in font ec-lmr12!
Missing character: There is no → in font ec-lmr12!
Missing character: There is no → in font ec-lmr12!
Missing character: There is no ‑ in font ec-lmr12!
Missing character: There is no ‑ in font ec-lmr12!
Missing character: There is no → in font ec-lmr12!
Missing character: There is no ’ in font ec-lmr12!
Missing character: There is no → in font ec-lmr12!
Missing character: There is no → in font ec-lmr12!
Missing character: There is no → in font ec-lmr12!
Missing character: There is no ‑ in font ec-lmr12!
Missing character: There is no ‑ in font ec-lmr12!
Missing character: There is no ’ in font ec-lmr12!
Missing character: There is no → in font ec-lmr12!
Missing character: There is no → in font ec-lmr12!
[5]
Missing character: There is no ‑ in font ec-lmr12!
Missing character: There is no ‑ in font ec-lmr12!
Missing character: There is no ‑ in font ec-lmr12!
LaTeX Font Info:    Font shape `T1/lmtt/bx/n' in size <14.4> not available
(Font)              Font shape `T1/lmtt/b/n' tried instead on input line 248.
Missing character: There is no ‑ in font ec-lmr12!
[6]
Package hyperref Info: bookmark level for unknown lstlisting defaults to 0 on i
nput line 255.
LaTeX Font Info:    Font shape `T1/lmtt/bx/n' in size <12> not available
(Font)              Font shape `T1/lmtt/b/n' tried instead on input line 255.

Missing character: There is no ‑ in font ec-lmr12!
Missing character: There is no ‑ in font ec-lmr12!
Missing character: There is no ‑ in font ec-lmr12!
Missing character: There is no ‑ in font ec-lmr12!
Missing character: There is no ‑ in font ec-lmr12!
LaTeX Font Info:    Font shape `T1/lmtt/bx/n' in size <10.95> not available
(Font)              Font shape `T1/lmtt/b/n' tried instead on input line 265.
Missing character: There is no ‑ in font ec-lmr12!
[7]
Missing character: There is no ‑ in font ec-lmr12!
Missing character: There is no ‑ in font ec-lmr12!
Missing character: There is no ‑ in font ec-lmr12!
Missing character: There is no ‑ in font ec-lmr12!

Overfull \hbox (36.60718pt too wide) in paragraph at lines 322--323
\T1/lmr/m/n/12 Works iden-ti-cally but reads from \T1/lmtt/m/n/12 0x43 \T1/lmr/
m/n/12 (GYRO_XOUT_H) and di-vides by \T1/lmtt/m/n/12 MPU6050_GYRO_SCALE\T1/lmr/
m/n/12 .
 []

[8]
Missing character: There is no ‑ in font ec-lmr12!
Missing character: There is no ‑ in font ec-lmr12!
[9]
Missing character: There is no ‑ in font ec-lmbx12!
Missing character: There is no ‑ in font ec-lmbx12!
Missing character: There is no ‑ in font ec-lmr12!
Missing character: There is no ’ in font ec-lmr12!
Missing character: There is no ‑ in font ec-lmr12!
Missing character: There is no ‑ in font ec-lmr12!
Missing character: There is no ‑ in font ec-lmr12!
Missing character: There is no ‑ in font ec-lmr12!
[10]
Missing character: There is no ‑ in font ec-lmr12!
Missing character: There is no ’ in font ec-lmr12!
Missing character: There is no ‑ in font ec-lmr12!
[11]
Missing character: There is no ‑ in font ec-lmr12!
Missing character: There is no ‑ in font ec-lmr12!
Missing character: There is no ’ in font ec-lmr12!
Missing character: There is no ‑ in font ec-lmr12!

Overfull \hbox (45.33774pt too wide) in paragraph at lines 490--498
 [][] 
 []

Missing character: There is no ‑ in font ec-lmr12!
[12]
Missing character: There is no ‑ in font ec-lmr12!

Overfull \hbox (14.26512pt too wide) in paragraph at lines 550--551
\T1/lmr/m/n/12 This han-dles timer wraparound grace-fully. The fre-quency is th
en cal-cu-lated as \T1/lmtt/m/n/12 timer_clk_hz
 []

Missing character: There is no ‑ in font ec-lmr12!
[13] [14]
Missing character: There is no ‑ in font ec-lmr12!
Missing character: There is no ‑ in font ec-lmr12!
Missing character: There is no ‑ in font ec-lmr12!
[15]
Missing character: There is no ‑ in font ec-lmr12!
Missing character: There is no ‑ in font ec-lmr12!
[16]
Missing character: There is no ‑ in font ec-lmr12!
Missing character: There is no ‑ in font ec-lmr12!
Missing character: There is no ‑ in font ec-lmr12!
Missing character: There is no ‑ in font ec-lmbx12!
Missing character: There is no ‑ in font ec-lmr12!
Missing character: There is no ’ in font ec-lmbx12!
Missing character: There is no ‑ in font ec-lmr12!
[17]
Missing character: There is no ’ in font ec-lmbx12!
Missing character: There is no ‑ in font ec-lmbx12!
Missing character: There is no ‑ in font ec-lmr12!
Missing character: There is no ‑ in font ec-lmr12!
Missing character: There is no ‑ in font ec-lmr12!
Missing character: There is no ‑ in font ec-lmr12!
Missing character: There is no ‑ in font ec-lmr12!
Missing character: There is no ‑ in font ec-lmr12!
Missing character: There is no ’ in font ec-lmbx12!
Missing character: There is no ‑ in font ec-lmbx12!
Missing character: There is no ’ in font ec-lmbx12!
Missing character: There is no ‑ in font ec-lmr12!
Missing character: There is no ‑ in font ec-lmr12!
Missing character: There is no ‑ in font ec-lmr12!
Missing character: There is no ‑ in font ec-lmbx12!
Missing character: There is no ’ in font ec-lmbx12!
Missing character: There is no ‑ in font ec-lmr12!
Missing character: There is no ‑ in font ec-lmr12!
[18]
Missing character: There is no ‑ in font ec-lmr12!
Missing character: There is no ’ in font ec-lmbx12!
Missing character: There is no ‑ in font ec-lmr12!
Missing character: There is no ‑ in font ec-lmr12!
Missing character: There is no ‑ in font ec-lmr12!
Missing character: There is no ‑ in font ec-lmr12!
Missing character: There is no ‑ in font ec-lmr12!
Missing character: There is no ‑ in font ec-lmr12!
Missing character: There is no ‑ in font ec-lmr12!
Missing character: There is no ‑ in font ec-lmr12!
Missing character: There is no ‑ in font ec-lmr12!
Missing character: There is no ‑ in font ec-lmr12!
Missing character: There is no ‑ in font ec-lmr12!
Missing character: There is no ‑ in font ec-lmr12!
[19] [20]
Overfull \hbox (44.60034pt too wide) in paragraph at lines 771--771
[]\T1/lmr/bx/n/17.28 Evaluation Ques-tions: PID Con-troller for Self-Balancing
 []

Missing character: There is no ‑ in font ec-lmr12!
Missing character: There is no ‑ in font ec-lmr12!
Missing character: There is no – in font ec-lmr12!
Missing character: There is no ‑ in font ec-lmr12!
Missing character: There is no ‑ in font ec-lmr12!
Missing character: There is no – in font ec-lmr12!
Missing character: There is no ‑ in font ec-lmr12!
Missing character: There is no ‑ in font ec-lmr12!
Missing character: There is no ‑ in font ec-lmr12!
Missing character: There is no ‑ in font ec-lmr12!
[21]
Missing character: There is no ‑ in font ec-lmr12!
Missing character: There is no ‑ in font ec-lmr12!
Missing character: There is no ‑ in font ec-lmr12!
Missing character: There is no “ in font ec-lmr12!
Missing character: There is no ” in font ec-lmr12!
Missing character: There is no ‑ in font ec-lmr12!
Missing character: There is no ‑ in font ec-lmr12!
Missing character: There is no ‑ in font ec-lmbx12!
Missing character: There is no – in font ec-lmr12!
Missing character: There is no ‑ in font ec-lmr12!
Missing character: There is no ‑ in font ec-lmr12!
Missing character: There is no ‑ in font ec-lmr12!
Missing character: There is no ‑ in font ec-lmr12!
[22]
Missing character: There is no ‑ in font ec-lmbx12!

Overfull \hbox (41.53058pt too wide) in paragraph at lines 891--895
[]\T1/lmr/bx/n/12 Telemetrydriven de-bug-ging: \T1/lmr/m/n/12 The teleme-try st
ring \T1/lmtt/m/n/12 "%0.3f,%0.3f,%d,%0.2f,%0.2f"
 []

Missing character: There is no ’ in font ec-lmr12!
Missing character: There is no ‑ in font ec-lmbx12!
Missing character: There is no ‑ in font ec-lmr12!
Missing character: There is no ‑ in font ec-lmr12!
Missing character: There is no ’ in font ec-lmr12!
Missing character: There is no ‑ in font ec-lmr12!
Missing character: There is no ‑ in font ec-lmr12!
Missing character: There is no ‑ in font ec-lmr12!
Missing character: There is no ‑ in font ec-lmr12!
Missing character: There is no ‑ in font ec-lmbx12!
Missing character: There is no ’ in font ec-lmr12!
Missing character: There is no ‑ in font ec-lmr12!
Missing character: There is no ‑ in font ec-lmr12!
Missing character: There is no “ in font ec-lmr12!
Missing character: There is no ” in font ec-lmr12!
Missing character: There is no ‑ in font ec-lmr12!
Missing character: There is no ‑ in font ec-lmr12!
[23]
Missing character: There is no ‑ in font ec-lmr12!
Missing character: There is no ‑ in font ec-lmr12!
Missing character: There is no ‑ in font ec-lmr12!
[24]
Missing character: There is no ’ in font ec-lmr12!
Missing character: There is no ‑ in font ec-lmr12!
Missing character: There is no ‑ in font ec-lmr12!
Missing character: There is no ‑ in font ec-lmtt10!
Missing character: There is no ‑ in font ec-lmtt10!
Missing character: There is no ‑ in font ec-lmtt10!
Missing character: There is no ‑ in font ec-lmtt10!
[25]
Missing character: There is no ‑ in font ec-lmr12!
Missing character: There is no ‑ in font ec-lmr12!
Missing character: There is no ‑ in font ec-lmr12!
Missing character: There is no ‑ in font ec-lmr12!
Missing character: There is no ‑ in font ec-lmtt10!
Missing character: There is no ‑ in font ec-lmtt10!
[26]
Missing character: There is no ‑ in font ec-lmr12!
Missing character: There is no ‑ in font ec-lmr12!
Missing character: There is no ’ in font ec-lmr12!
[27]
Missing character: There is no ‑ in font ec-lmr12!
[28]
Missing character: There is no ‑ in font ec-lmtt10!
[29] [30]
Missing character: There is no ‑ in font ec-lmr12!
Missing character: There is no ’ in font ec-lmr12!
Missing character: There is no ‑ in font ec-lmr12!
Missing character: There is no ‑ in font ec-lmr12!
Missing character: There is no ‑ in font ec-lmr12!
Missing character: There is no ’ in font ec-lmr12!

Overfull \hbox (3.49107pt too wide) in paragraph at lines 1255--1256
\T1/lmr/m/n/12 Input cap-ture in-ter-rupts are en-abled, and the HAL will call 
\T1/lmtt/m/n/12 HAL_TIM_IC_CaptureCallback
 []

[31]
Missing character: There is no ’ in font ec-lmr12!
[32]
Missing character: There is no ’ in font ec-lmr12!
Missing character: There is no ’ in font ec-lmr12!
[33]
Overfull \hbox (40.38876pt too wide) in paragraph at lines 1346--1347
\T1/lmr/m/n/12 The main loop (in \T1/lmtt/m/n/12 while(1)\T1/lmr/m/n/12 ) check
s \T1/lmtt/m/n/12 telemetry_flag \T1/lmr/m/n/12 and calls \T1/lmtt/m/n/12 send_
telemetry_nonblocking()\T1/lmr/m/n/12 .
 []

Missing character: There is no ’ in font ec-lmr12!
Missing character: There is no ‑ in font ec-lmr12!
Missing character: There is no – in font ec-lmr12!
Missing character: There is no ‑ in font ec-lmr12!
Missing character: There is no – in font ec-lmr12!
Missing character: There is no – in font ec-lmr12!
Missing character: There is no – in font ec-lmr12!
Missing character: There is no – in font ec-lmr12!
Missing character: There is no – in font ec-lmr12!
Missing character: There is no ’ in font ec-lmr12!
[34] (Project_Report.aux)
 ***********
LaTeX2e <2025-11-01>
L3 programming layer <2026-01-19>
 ***********


LaTeX Warning: There were multiply-defined labels.

Package rerunfilecheck Info: File `Project_Report.out' has not changed.
(rerunfilecheck)             Checksum: 0E9394A9C755186211999B842FF0BACD;12117.
 ) 
Here is how much of TeX's memory you used:
 27918 strings out of 402983
 554870 string characters out of 5453864
 1296849 words of memory out of 5000000
 56272 multiletter control sequences out of 15000+600000
 692803 words of font info for 82 fonts, out of 8000000 for 9000
 1348 hyphenation exceptions out of 8191
 102i,10n,107p,531b,2354s stack positions out of 10000i,1000n,20000p,200000b,200000s

Output written on Project_Report.pdf (34 pages).
